2026-07-06 10:09:41 工業引擎 開始
2026-07-06 10:09:41 工業引擎 自適應權重開始
2026-07-06 10:09:41 工業引擎 主評分開始
2026-07-06 10:09:41 工業引擎 公式引擎開始
2026-07-06 10:09:43 工業引擎 公式融合開始
2026-07-06 10:09:43 工業引擎 穩定共識開始
2026-07-06 10:09:46 工業引擎 九碼前置校正開始
2026-07-06 10:09:46 工業引擎 剛開出號硬防火牆開始
2026-07-06 10:09:46 工業引擎 強牌治理開始
2026-07-06 10:09:52 工業引擎 精算小牌競賽開始
2026-07-06 10:10:03 工業引擎 精算小牌組合開始
2026-07-06 10:10:03 工業引擎 強牌組合開始
2026-07-06 10:10:03 工業引擎 成熟度開始
2026-07-06 10:10:03 工業引擎 主回測開始
2026-07-06 10:10:10 工業引擎 進階模型摘要開始
2026-07-06 10:10:10 工業引擎 進階模型回測開始
2026-07-06 10:10:14 工業引擎 相依性驗證開始
2026-07-06 10:10:14 工業引擎 延遲相依性開始
2026-07-06 10:10:14 工業引擎 低機率分析開始
2026-07-06 10:10:14 工業引擎 晉級稽核開始
2026-07-06 10:10:14 工業引擎 落差診斷開始
2026-07-06 10:10:14 工業引擎 完成
2026-07-06 10:10:28 核心引擎 開始
2026-07-06 10:10:28 核心引擎 核心回測開始
2026-07-06 10:10:30 核心引擎 權重校正開始
2026-07-06 10:10:30 核心引擎 工業引擎接入開始
2026-07-06 10:10:30 核心引擎 航太驗證開始
2026-07-06 10:10:31 核心引擎 雙階段組牌開始
2026-07-06 10:10:31 核心引擎 雙階段回測開始
2026-07-06 10:10:43 核心引擎 完成
2026-07-06 02:17:12 工業引擎 開始
2026-07-06 02:17:12 工業引擎 自適應權重開始
2026-07-06 02:17:12 工業引擎 主評分開始
2026-07-06 02:17:12 工業引擎 公式引擎開始
2026-07-06 02:17:14 工業引擎 公式融合開始
2026-07-06 02:17:14 工業引擎 穩定共識開始
2026-07-06 02:17:16 工業引擎 九碼前置校正開始
2026-07-06 02:17:16 工業引擎 剛開出號硬防火牆開始
2026-07-06 02:17:16 工業引擎 強牌治理開始
2026-07-06 02:17:21 工業引擎 精算小牌競賽開始
2026-07-06 02:17:28 工業引擎 精算小牌組合開始
2026-07-06 02:17:28 工業引擎 強牌組合開始
2026-07-06 02:17:28 工業引擎 成熟度開始
2026-07-06 02:17:28 工業引擎 主回測開始
2026-07-06 02:17:33 工業引擎 進階模型摘要開始
2026-07-06 02:17:33 工業引擎 進階模型回測開始
2026-07-06 02:17:36 工業引擎 相依性驗證開始
2026-07-06 02:17:36 工業引擎 延遲相依性開始
2026-07-06 02:17:36 工業引擎 低機率分析開始
2026-07-06 02:17:36 工業引擎 晉級稽核開始
2026-07-06 02:17:36 工業引擎 落差診斷開始
2026-07-06 02:17:36 工業引擎 完成
2026-07-06 02:17:45 核心引擎 開始
2026-07-06 02:17:45 核心引擎 核心回測開始
2026-07-06 02:17:46 核心引擎 權重校正開始
2026-07-06 02:17:46 核心引擎 工業引擎接入開始
2026-07-06 02:17:46 核心引擎 航太驗證開始
2026-07-06 02:17:46 核心引擎 雙階段組牌開始
2026-07-06 02:17:46 核心引擎 雙階段回測開始
2026-07-06 02:17:54 核心引擎 完成
