2026-07-06 12:11:45 工業引擎 開始
2026-07-06 12:11:45 工業引擎 自適應權重開始
2026-07-06 12:11:45 工業引擎 主評分開始
2026-07-06 12:11:46 工業引擎 公式引擎開始
2026-07-06 12:11:49 工業引擎 公式融合開始
2026-07-06 12:11:49 工業引擎 穩定共識開始
2026-07-06 12:11:52 工業引擎 九碼前置校正開始
2026-07-06 12:11:52 工業引擎 剛開出號硬防火牆開始
2026-07-06 12:11:52 工業引擎 強牌治理開始
2026-07-06 12:12:03 工業引擎 精算小牌競賽開始
2026-07-06 12:12:14 工業引擎 精算小牌組合開始
2026-07-06 12:12:14 工業引擎 強牌組合開始
2026-07-06 12:12:14 工業引擎 成熟度開始
2026-07-06 12:12:14 工業引擎 主回測開始
2026-07-06 12:12:22 工業引擎 進階模型摘要開始
2026-07-06 12:12:22 工業引擎 進階模型回測開始
2026-07-06 12:12:26 工業引擎 相依性驗證開始
2026-07-06 12:12:27 工業引擎 延遲相依性開始
2026-07-06 12:12:27 工業引擎 低機率分析開始
2026-07-06 12:12:27 工業引擎 晉級稽核開始
2026-07-06 12:12:27 工業引擎 落差診斷開始
2026-07-06 12:12:27 工業引擎 完成
2026-07-06 12:12:42 核心引擎 開始
2026-07-06 12:12:42 核心引擎 核心回測開始
2026-07-06 12:12:44 核心引擎 權重校正開始
2026-07-06 12:12:44 核心引擎 工業引擎接入開始
2026-07-06 12:12:44 核心引擎 航太驗證開始
2026-07-06 12:12:44 核心引擎 雙階段組牌開始
2026-07-06 12:12:44 核心引擎 雙階段回測開始
2026-07-06 12:12:59 核心引擎 完成
2026-07-06 15:35:33 工業引擎 開始
2026-07-06 15:35:33 工業引擎 自適應權重開始
2026-07-06 15:35:33 工業引擎 主評分開始
2026-07-06 15:35:34 工業引擎 公式引擎開始
2026-07-06 15:35:36 工業引擎 公式融合開始
2026-07-06 15:35:36 工業引擎 穩定共識開始
2026-07-06 15:35:38 工業引擎 九碼前置校正開始
2026-07-06 15:35:38 工業引擎 剛開出號硬防火牆開始
2026-07-06 15:35:38 工業引擎 強牌治理開始
2026-07-06 15:35:45 工業引擎 精算小牌競賽開始
2026-07-06 15:35:55 工業引擎 精算小牌組合開始
2026-07-06 15:35:55 工業引擎 強牌組合開始
2026-07-06 15:35:55 工業引擎 成熟度開始
2026-07-06 15:35:55 工業引擎 主回測開始
2026-07-06 15:36:02 工業引擎 進階模型摘要開始
2026-07-06 15:36:02 工業引擎 進階模型回測開始
2026-07-06 15:36:06 工業引擎 相依性驗證開始
2026-07-06 15:36:07 工業引擎 延遲相依性開始
2026-07-06 15:36:07 工業引擎 低機率分析開始
2026-07-06 15:36:07 工業引擎 晉級稽核開始
2026-07-06 15:36:07 工業引擎 落差診斷開始
2026-07-06 15:36:07 工業引擎 完成
2026-07-06 15:36:28 核心引擎 開始
2026-07-06 15:36:28 核心引擎 核心回測開始
2026-07-06 15:36:30 核心引擎 權重校正開始
2026-07-06 15:36:30 核心引擎 工業引擎接入開始
2026-07-06 15:36:30 核心引擎 航太驗證開始
2026-07-06 15:36:31 核心引擎 雙階段組牌開始
2026-07-06 15:36:31 核心引擎 雙階段回測開始
2026-07-06 15:36:45 核心引擎 完成
2026-07-07 07:23:10 工業引擎 開始
2026-07-07 07:23:10 工業引擎 自適應權重開始
2026-07-07 07:23:10 工業引擎 主評分開始
2026-07-07 07:23:11 工業引擎 公式引擎開始
2026-07-07 07:23:13 工業引擎 公式融合開始
2026-07-07 07:23:13 工業引擎 穩定共識開始
2026-07-07 07:23:15 工業引擎 九碼前置校正開始
2026-07-07 07:23:15 工業引擎 剛開出號硬防火牆開始
2026-07-07 07:23:15 工業引擎 強牌治理開始
2026-07-07 07:23:21 工業引擎 精算小牌競賽開始
2026-07-07 07:23:31 工業引擎 精算小牌組合開始
2026-07-07 07:23:32 工業引擎 強牌組合開始
2026-07-07 07:23:32 工業引擎 成熟度開始
2026-07-07 07:23:32 工業引擎 主回測開始
2026-07-07 07:23:39 工業引擎 進階模型摘要開始
2026-07-07 07:23:39 工業引擎 進階模型回測開始
2026-07-07 07:23:43 工業引擎 相依性驗證開始
2026-07-07 07:23:43 工業引擎 延遲相依性開始
2026-07-07 07:23:43 工業引擎 低機率分析開始
2026-07-07 07:23:43 工業引擎 晉級稽核開始
2026-07-07 07:23:43 工業引擎 落差診斷開始
2026-07-07 07:23:43 工業引擎 完成
2026-07-07 07:23:58 核心引擎 開始
2026-07-07 07:23:58 核心引擎 核心回測開始
2026-07-07 07:24:00 核心引擎 權重校正開始
2026-07-07 07:24:00 核心引擎 工業引擎接入開始
2026-07-07 07:24:00 核心引擎 航太驗證開始
2026-07-07 07:24:00 核心引擎 雙階段組牌開始
2026-07-07 07:24:00 核心引擎 雙階段回測開始
2026-07-07 07:24:12 核心引擎 完成
2026-07-07 07:48:18 工業引擎 開始
2026-07-07 07:48:18 工業引擎 自適應權重開始
2026-07-07 07:48:18 工業引擎 主評分開始
2026-07-07 07:48:19 工業引擎 公式引擎開始
2026-07-07 07:48:22 工業引擎 公式融合開始
2026-07-07 07:48:22 工業引擎 穩定共識開始
2026-07-07 07:48:26 工業引擎 九碼前置校正開始
2026-07-07 07:48:26 工業引擎 剛開出號硬防火牆開始
2026-07-07 07:48:26 工業引擎 強牌治理開始
2026-07-07 07:48:35 工業引擎 精算小牌競賽開始
2026-07-07 07:48:48 工業引擎 精算小牌組合開始
2026-07-07 07:48:48 工業引擎 強牌組合開始
2026-07-07 07:48:48 工業引擎 成熟度開始
2026-07-07 07:48:48 工業引擎 主回測開始
2026-07-07 07:48:58 工業引擎 進階模型摘要開始
2026-07-07 07:48:58 工業引擎 進階模型回測開始
2026-07-07 07:49:03 工業引擎 相依性驗證開始
2026-07-07 07:49:03 工業引擎 延遲相依性開始
2026-07-07 07:49:03 工業引擎 低機率分析開始
2026-07-07 07:49:03 工業引擎 晉級稽核開始
2026-07-07 07:49:03 工業引擎 落差診斷開始
2026-07-07 07:49:03 工業引擎 完成
2026-07-07 07:49:23 核心引擎 開始
2026-07-07 07:49:23 核心引擎 核心回測開始
2026-07-07 07:49:26 核心引擎 權重校正開始
2026-07-07 07:49:26 核心引擎 工業引擎接入開始
2026-07-07 07:49:26 核心引擎 航太驗證開始
2026-07-07 07:49:26 核心引擎 雙階段組牌開始
2026-07-07 07:49:26 核心引擎 雙階段回測開始
2026-07-07 07:49:51 工業引擎 開始
2026-07-07 07:49:51 工業引擎 自適應權重開始
2026-07-07 07:49:51 工業引擎 主評分開始
2026-07-07 07:49:52 工業引擎 公式引擎開始
2026-07-07 07:49:56 工業引擎 公式融合開始
2026-07-07 07:49:56 工業引擎 穩定共識開始
2026-07-07 07:49:59 工業引擎 九碼前置校正開始
2026-07-07 07:49:59 工業引擎 剛開出號硬防火牆開始
2026-07-07 07:49:59 工業引擎 強牌治理開始
2026-07-07 07:50:08 工業引擎 精算小牌競賽開始
2026-07-07 07:50:23 工業引擎 精算小牌組合開始
2026-07-07 07:50:23 工業引擎 強牌組合開始
2026-07-07 07:50:24 工業引擎 成熟度開始
2026-07-07 07:50:24 工業引擎 主回測開始
2026-07-07 07:50:33 工業引擎 進階模型摘要開始
2026-07-07 07:50:33 工業引擎 進階模型回測開始
2026-07-07 07:50:38 工業引擎 相依性驗證開始
2026-07-07 07:50:39 工業引擎 延遲相依性開始
2026-07-07 07:50:39 工業引擎 低機率分析開始
2026-07-07 07:50:39 工業引擎 晉級稽核開始
2026-07-07 07:50:39 工業引擎 落差診斷開始
2026-07-07 07:50:39 工業引擎 完成
2026-07-07 07:50:59 核心引擎 開始
2026-07-07 07:50:59 核心引擎 核心回測開始
2026-07-07 07:51:02 核心引擎 權重校正開始
2026-07-07 07:51:02 核心引擎 工業引擎接入開始
2026-07-07 07:51:02 核心引擎 航太驗證開始
2026-07-07 07:51:02 核心引擎 雙階段組牌開始
2026-07-07 07:51:02 核心引擎 雙階段回測開始
2026-07-07 07:51:18 核心引擎 完成
2026-07-07 07:55:20 工業引擎 開始
2026-07-07 07:55:20 工業引擎 自適應權重開始
2026-07-07 07:55:20 工業引擎 主評分開始
2026-07-07 07:55:21 工業引擎 公式引擎開始
2026-07-07 07:55:25 工業引擎 公式融合開始
2026-07-07 07:55:25 工業引擎 穩定共識開始
2026-07-07 07:55:28 工業引擎 九碼前置校正開始
2026-07-07 07:55:28 工業引擎 剛開出號硬防火牆開始
2026-07-07 07:55:28 工業引擎 強牌治理開始
2026-07-07 07:55:39 工業引擎 精算小牌競賽開始
2026-07-07 07:55:53 工業引擎 精算小牌組合開始
2026-07-07 07:55:54 工業引擎 強牌組合開始
2026-07-07 07:55:54 工業引擎 成熟度開始
2026-07-07 07:55:54 工業引擎 主回測開始
2026-07-07 07:56:04 工業引擎 進階模型摘要開始
2026-07-07 07:56:04 工業引擎 進階模型回測開始
2026-07-07 07:56:10 工業引擎 相依性驗證開始
2026-07-07 07:56:10 工業引擎 延遲相依性開始
2026-07-07 07:56:10 工業引擎 低機率分析開始
2026-07-07 07:56:10 工業引擎 晉級稽核開始
2026-07-07 07:56:10 工業引擎 落差診斷開始
2026-07-07 07:56:10 工業引擎 完成
2026-07-07 07:56:29 核心引擎 開始
2026-07-07 07:56:29 核心引擎 核心回測開始
2026-07-07 07:56:31 核心引擎 權重校正開始
2026-07-07 07:56:31 核心引擎 工業引擎接入開始
2026-07-07 07:56:31 核心引擎 航太驗證開始
2026-07-07 07:56:31 核心引擎 雙階段組牌開始
2026-07-07 07:56:31 核心引擎 雙階段回測開始
2026-07-07 07:56:44 核心引擎 完成
2026-07-07 08:02:10 工業引擎 開始
2026-07-07 08:02:10 工業引擎 自適應權重開始
2026-07-07 08:02:10 工業引擎 主評分開始
2026-07-07 08:02:10 工業引擎 公式引擎開始
2026-07-07 08:02:13 工業引擎 公式融合開始
2026-07-07 08:02:13 工業引擎 穩定共識開始
2026-07-07 08:02:15 工業引擎 九碼前置校正開始
2026-07-07 08:02:15 工業引擎 剛開出號硬防火牆開始
2026-07-07 08:02:15 工業引擎 強牌治理開始
2026-07-07 08:02:21 工業引擎 精算小牌競賽開始
2026-07-07 08:02:31 工業引擎 精算小牌組合開始
2026-07-07 08:02:31 工業引擎 強牌組合開始
2026-07-07 08:02:31 工業引擎 成熟度開始
2026-07-07 08:02:31 工業引擎 主回測開始
2026-07-07 08:02:37 工業引擎 進階模型摘要開始
2026-07-07 08:02:37 工業引擎 進階模型回測開始
2026-07-07 08:02:40 工業引擎 相依性驗證開始
2026-07-07 08:02:40 工業引擎 延遲相依性開始
2026-07-07 08:02:40 工業引擎 低機率分析開始
2026-07-07 08:02:40 工業引擎 晉級稽核開始
2026-07-07 08:02:40 工業引擎 落差診斷開始
2026-07-07 08:02:40 工業引擎 完成
2026-07-07 08:02:52 核心引擎 開始
2026-07-07 08:02:52 核心引擎 核心回測開始
2026-07-07 08:02:54 核心引擎 權重校正開始
2026-07-07 08:02:54 核心引擎 工業引擎接入開始
2026-07-07 08:02:54 核心引擎 航太驗證開始
2026-07-07 08:02:54 核心引擎 雙階段組牌開始
2026-07-07 08:02:54 核心引擎 雙階段回測開始
2026-07-07 08:03:05 核心引擎 完成
2026-07-07 08:07:17 工業引擎 開始
2026-07-07 08:07:17 工業引擎 自適應權重開始
2026-07-07 08:07:17 工業引擎 主評分開始
2026-07-07 08:07:18 工業引擎 公式引擎開始
2026-07-07 08:07:20 工業引擎 公式融合開始
2026-07-07 08:07:20 工業引擎 穩定共識開始
2026-07-07 08:07:22 工業引擎 九碼前置校正開始
2026-07-07 08:07:22 工業引擎 剛開出號硬防火牆開始
2026-07-07 08:07:22 工業引擎 強牌治理開始
2026-07-07 08:07:29 工業引擎 精算小牌競賽開始
2026-07-07 08:07:38 工業引擎 精算小牌組合開始
2026-07-07 08:07:38 工業引擎 強牌組合開始
2026-07-07 08:07:38 工業引擎 成熟度開始
2026-07-07 08:07:38 工業引擎 主回測開始
2026-07-07 08:07:45 工業引擎 進階模型摘要開始
2026-07-07 08:07:45 工業引擎 進階模型回測開始
2026-07-07 08:07:48 工業引擎 相依性驗證開始
2026-07-07 08:07:48 工業引擎 延遲相依性開始
2026-07-07 08:07:48 工業引擎 低機率分析開始
2026-07-07 08:07:48 工業引擎 晉級稽核開始
2026-07-07 08:07:48 工業引擎 落差診斷開始
2026-07-07 08:07:48 工業引擎 完成
2026-07-07 08:08:01 核心引擎 開始
2026-07-07 08:08:01 核心引擎 核心回測開始
2026-07-07 08:08:02 核心引擎 權重校正開始
2026-07-07 08:08:02 核心引擎 工業引擎接入開始
2026-07-07 08:08:02 核心引擎 航太驗證開始
2026-07-07 08:08:03 核心引擎 雙階段組牌開始
2026-07-07 08:08:03 核心引擎 雙階段回測開始
2026-07-07 08:08:13 核心引擎 完成
2026-07-07 13:23:10 工業引擎 開始
2026-07-07 13:23:10 工業引擎 自適應權重開始
2026-07-07 13:23:10 工業引擎 主評分開始
2026-07-07 13:23:11 工業引擎 公式引擎開始
2026-07-07 13:23:14 工業引擎 公式融合開始
2026-07-07 13:23:14 工業引擎 穩定共識開始
2026-07-07 13:23:16 工業引擎 九碼前置校正開始
2026-07-07 13:23:16 工業引擎 剛開出號硬防火牆開始
2026-07-07 13:23:16 工業引擎 強牌治理開始
2026-07-07 13:23:23 工業引擎 精算小牌競賽開始
2026-07-07 13:23:34 工業引擎 精算小牌組合開始
2026-07-07 13:23:34 工業引擎 強牌組合開始
2026-07-07 13:23:34 工業引擎 成熟度開始
2026-07-07 13:23:34 工業引擎 主回測開始
2026-07-07 13:23:42 工業引擎 進階模型摘要開始
2026-07-07 13:23:42 工業引擎 進階模型回測開始
2026-07-07 13:23:46 工業引擎 相依性驗證開始
2026-07-07 13:23:46 工業引擎 延遲相依性開始
2026-07-07 13:23:46 工業引擎 低機率分析開始
2026-07-07 13:23:46 工業引擎 晉級稽核開始
2026-07-07 13:23:46 工業引擎 落差診斷開始
2026-07-07 13:23:46 工業引擎 完成
2026-07-07 13:24:00 核心引擎 開始
2026-07-07 13:24:00 核心引擎 核心回測開始
2026-07-07 13:24:02 核心引擎 權重校正開始
2026-07-07 13:24:02 核心引擎 工業引擎接入開始
2026-07-07 13:24:02 核心引擎 航太驗證開始
2026-07-07 13:24:02 核心引擎 雙階段組牌開始
2026-07-07 13:24:02 核心引擎 雙階段回測開始
2026-07-07 13:24:13 核心引擎 完成
2026-07-08 08:49:01 工業引擎 開始
2026-07-08 08:49:01 工業引擎 自適應權重開始
2026-07-08 08:49:01 工業引擎 主評分開始
2026-07-08 08:49:02 工業引擎 公式引擎開始
2026-07-08 08:49:07 工業引擎 公式融合開始
2026-07-08 08:49:07 工業引擎 穩定共識開始
2026-07-08 08:49:11 工業引擎 九碼前置校正開始
2026-07-08 08:49:11 工業引擎 剛開出號硬防火牆開始
2026-07-08 08:49:11 工業引擎 強牌治理開始
2026-07-08 08:49:22 工業引擎 精算小牌競賽開始
2026-07-08 08:49:38 工業引擎 精算小牌組合開始
2026-07-08 08:49:38 工業引擎 強牌組合開始
2026-07-08 08:49:38 工業引擎 成熟度開始
2026-07-08 08:49:38 工業引擎 主回測開始
2026-07-08 08:49:47 工業引擎 進階模型摘要開始
2026-07-08 08:49:47 工業引擎 進階模型回測開始
2026-07-08 08:49:51 工業引擎 相依性驗證開始
2026-07-08 08:49:51 工業引擎 延遲相依性開始
2026-07-08 08:49:51 工業引擎 低機率分析開始
2026-07-08 08:49:51 工業引擎 晉級稽核開始
2026-07-08 08:49:51 工業引擎 落差診斷開始
2026-07-08 08:49:51 工業引擎 完成
2026-07-08 08:50:06 核心引擎 開始
2026-07-08 08:50:06 核心引擎 核心回測開始
2026-07-08 08:50:07 核心引擎 權重校正開始
2026-07-08 08:50:07 核心引擎 工業引擎接入開始
2026-07-08 08:50:07 核心引擎 航太驗證開始
2026-07-08 08:50:07 核心引擎 雙階段組牌開始
2026-07-08 08:50:07 核心引擎 雙階段回測開始
2026-07-08 08:50:19 核心引擎 完成
2026-07-08 08:53:12 工業引擎 開始
2026-07-08 08:53:12 工業引擎 自適應權重開始
2026-07-08 08:53:12 工業引擎 主評分開始
2026-07-08 08:53:13 工業引擎 公式引擎開始
2026-07-08 08:53:16 工業引擎 公式融合開始
2026-07-08 08:53:16 工業引擎 穩定共識開始
2026-07-08 08:53:20 工業引擎 九碼前置校正開始
2026-07-08 08:53:20 工業引擎 剛開出號硬防火牆開始
2026-07-08 08:53:20 工業引擎 強牌治理開始
2026-07-08 08:53:28 工業引擎 精算小牌競賽開始
2026-07-08 08:53:42 工業引擎 精算小牌組合開始
2026-07-08 08:53:42 工業引擎 強牌組合開始
2026-07-08 08:53:42 工業引擎 成熟度開始
2026-07-08 08:53:42 工業引擎 主回測開始
2026-07-08 08:53:51 工業引擎 進階模型摘要開始
2026-07-08 08:53:51 工業引擎 進階模型回測開始
2026-07-08 08:53:56 工業引擎 相依性驗證開始
2026-07-08 08:53:56 工業引擎 延遲相依性開始
2026-07-08 08:53:56 工業引擎 低機率分析開始
2026-07-08 08:53:56 工業引擎 晉級稽核開始
2026-07-08 08:53:56 工業引擎 落差診斷開始
2026-07-08 08:53:56 工業引擎 完成
2026-07-08 08:54:14 核心引擎 開始
2026-07-08 08:54:14 核心引擎 核心回測開始
2026-07-08 08:54:15 核心引擎 權重校正開始
2026-07-08 08:54:15 核心引擎 工業引擎接入開始
2026-07-08 08:54:15 核心引擎 航太驗證開始
2026-07-08 08:54:16 核心引擎 雙階段組牌開始
2026-07-08 08:54:16 核心引擎 雙階段回測開始
2026-07-08 08:54:29 核心引擎 完成
2026-07-08 09:06:14 工業引擎 開始
2026-07-08 09:06:14 工業引擎 自適應權重開始
2026-07-08 09:06:14 工業引擎 主評分開始
2026-07-08 09:06:15 工業引擎 公式引擎開始
2026-07-08 09:06:18 工業引擎 公式融合開始
2026-07-08 09:06:18 工業引擎 穩定共識開始
2026-07-08 09:06:20 工業引擎 九碼前置校正開始
2026-07-08 09:06:20 工業引擎 剛開出號硬防火牆開始
2026-07-08 09:06:20 工業引擎 強牌治理開始
2026-07-08 09:06:26 工業引擎 精算小牌競賽開始
2026-07-08 09:06:36 工業引擎 精算小牌組合開始
2026-07-08 09:06:36 工業引擎 強牌組合開始
2026-07-08 09:06:36 工業引擎 成熟度開始
2026-07-08 09:06:36 工業引擎 主回測開始
2026-07-08 09:06:43 工業引擎 進階模型摘要開始
2026-07-08 09:06:43 工業引擎 進階模型回測開始
2026-07-08 09:06:47 工業引擎 相依性驗證開始
2026-07-08 09:06:47 工業引擎 延遲相依性開始
2026-07-08 09:06:47 工業引擎 低機率分析開始
2026-07-08 09:06:47 工業引擎 晉級稽核開始
2026-07-08 09:06:47 工業引擎 落差診斷開始
2026-07-08 09:06:47 工業引擎 完成
2026-07-08 09:07:00 核心引擎 開始
2026-07-08 09:07:00 核心引擎 核心回測開始
2026-07-08 09:07:01 核心引擎 權重校正開始
2026-07-08 09:07:01 核心引擎 工業引擎接入開始
2026-07-08 09:07:01 核心引擎 航太驗證開始
2026-07-08 09:07:01 核心引擎 雙階段組牌開始
2026-07-08 09:07:01 核心引擎 雙階段回測開始
2026-07-08 09:07:12 核心引擎 完成
2026-07-08 09:52:16 工業引擎 開始
2026-07-08 09:52:16 工業引擎 自適應權重開始
2026-07-08 09:52:16 工業引擎 主評分開始
2026-07-08 09:52:16 工業引擎 公式引擎開始
2026-07-08 09:52:22 工業引擎 開始
2026-07-08 09:52:22 工業引擎 自適應權重開始
2026-07-08 09:52:22 工業引擎 主評分開始
2026-07-08 09:52:22 工業引擎 公式引擎開始
2026-07-08 09:52:26 工業引擎 公式融合開始
2026-07-08 09:52:26 工業引擎 穩定共識開始
2026-07-08 09:52:29 工業引擎 九碼前置校正開始
2026-07-08 09:52:29 工業引擎 剛開出號硬防火牆開始
2026-07-08 09:52:29 工業引擎 強牌治理開始
2026-07-08 09:52:33 工業引擎 開始
2026-07-08 09:52:33 工業引擎 自適應權重開始
2026-07-08 09:52:33 工業引擎 主評分開始
2026-07-08 09:52:34 工業引擎 公式引擎開始
2026-07-08 09:52:39 工業引擎 公式融合開始
2026-07-08 09:52:39 工業引擎 穩定共識開始
2026-07-08 09:52:42 工業引擎 精算小牌競賽開始
2026-07-08 09:52:43 工業引擎 九碼前置校正開始
2026-07-08 09:52:43 工業引擎 剛開出號硬防火牆開始
2026-07-08 09:52:43 工業引擎 強牌治理開始
2026-07-08 09:52:53 工業引擎 精算小牌競賽開始
2026-07-08 09:52:58 工業引擎 精算小牌組合開始
2026-07-08 09:52:58 工業引擎 強牌組合開始
2026-07-08 09:52:58 工業引擎 成熟度開始
2026-07-08 09:52:58 工業引擎 主回測開始
2026-07-08 09:53:09 工業引擎 精算小牌組合開始
2026-07-08 09:53:09 工業引擎 進階模型摘要開始
2026-07-08 09:53:09 工業引擎 進階模型回測開始
2026-07-08 09:53:09 工業引擎 強牌組合開始
2026-07-08 09:53:09 工業引擎 成熟度開始
2026-07-08 09:53:09 工業引擎 主回測開始
2026-07-08 09:53:14 工業引擎 相依性驗證開始
2026-07-08 09:53:15 工業引擎 延遲相依性開始
2026-07-08 09:53:15 工業引擎 低機率分析開始
2026-07-08 09:53:15 工業引擎 晉級稽核開始
2026-07-08 09:53:15 工業引擎 落差診斷開始
2026-07-08 09:53:15 工業引擎 完成
2026-07-08 09:53:19 工業引擎 進階模型摘要開始
2026-07-08 09:53:19 工業引擎 進階模型回測開始
2026-07-08 09:53:25 工業引擎 相依性驗證開始
2026-07-08 09:53:25 工業引擎 延遲相依性開始
2026-07-08 09:53:25 工業引擎 低機率分析開始
2026-07-08 09:53:25 工業引擎 晉級稽核開始
2026-07-08 09:53:25 工業引擎 落差診斷開始
2026-07-08 09:53:25 工業引擎 完成
2026-07-08 09:53:36 核心引擎 開始
2026-07-08 09:53:36 核心引擎 核心回測開始
2026-07-08 09:53:38 核心引擎 權重校正開始
2026-07-08 09:53:38 核心引擎 工業引擎接入開始
2026-07-08 09:53:38 核心引擎 航太驗證開始
2026-07-08 09:53:39 核心引擎 雙階段組牌開始
2026-07-08 09:53:39 核心引擎 雙階段回測開始
2026-07-08 09:53:48 核心引擎 開始
2026-07-08 09:53:48 核心引擎 核心回測開始
2026-07-08 09:53:51 核心引擎 權重校正開始
2026-07-08 09:53:51 核心引擎 工業引擎接入開始
2026-07-08 09:53:51 核心引擎 航太驗證開始
2026-07-08 09:53:51 核心引擎 雙階段組牌開始
2026-07-08 09:53:51 核心引擎 雙階段回測開始
2026-07-08 09:53:59 核心引擎 完成
2026-07-08 09:54:08 核心引擎 完成
2026-07-09 07:03:18 工業引擎 開始
2026-07-09 07:03:18 工業引擎 自適應權重開始
2026-07-09 07:03:18 工業引擎 主評分開始
2026-07-09 07:03:19 工業引擎 公式引擎開始
2026-07-09 07:03:22 工業引擎 公式融合開始
2026-07-09 07:03:22 工業引擎 穩定共識開始
2026-07-09 07:03:24 工業引擎 九碼前置校正開始
2026-07-09 07:03:24 工業引擎 剛開出號硬防火牆開始
2026-07-09 07:03:24 工業引擎 強牌治理開始
2026-07-09 07:03:32 工業引擎 精算小牌競賽開始
2026-07-09 07:03:46 工業引擎 精算小牌組合開始
2026-07-09 07:03:47 工業引擎 強牌組合開始
2026-07-09 07:03:47 工業引擎 成熟度開始
2026-07-09 07:03:47 工業引擎 主回測開始
2026-07-09 07:03:53 工業引擎 進階模型摘要開始
2026-07-09 07:03:53 工業引擎 進階模型回測開始
2026-07-09 07:03:56 工業引擎 相依性驗證開始
2026-07-09 07:03:57 工業引擎 延遲相依性開始
2026-07-09 07:03:57 工業引擎 低機率分析開始
2026-07-09 07:03:57 工業引擎 晉級稽核開始
2026-07-09 07:03:57 工業引擎 落差診斷開始
2026-07-09 07:03:57 工業引擎 完成
2026-07-09 07:04:17 核心引擎 開始
2026-07-09 07:04:17 核心引擎 核心回測開始
2026-07-09 07:04:19 核心引擎 權重校正開始
2026-07-09 07:04:19 核心引擎 工業引擎接入開始
2026-07-09 07:04:19 核心引擎 航太驗證開始
2026-07-09 07:04:20 核心引擎 雙階段組牌開始
2026-07-09 07:04:20 核心引擎 雙階段回測開始
2026-07-09 07:04:34 核心引擎 完成
2026-07-09 10:02:56 工業引擎 開始
2026-07-09 10:02:56 工業引擎 自適應權重開始
2026-07-09 10:02:56 工業引擎 主評分開始
2026-07-09 10:02:57 工業引擎 公式引擎開始
2026-07-09 10:03:01 工業引擎 公式融合開始
2026-07-09 10:03:01 工業引擎 穩定共識開始
2026-07-09 10:03:05 工業引擎 九碼前置校正開始
2026-07-09 10:03:05 工業引擎 剛開出號硬防火牆開始
2026-07-09 10:03:05 工業引擎 強牌治理開始
2026-07-09 10:03:16 工業引擎 精算小牌競賽開始
2026-07-09 10:03:32 工業引擎 精算小牌組合開始
2026-07-09 10:03:33 工業引擎 強牌組合開始
2026-07-09 10:03:33 工業引擎 成熟度開始
2026-07-09 10:03:33 工業引擎 主回測開始
2026-07-09 10:03:43 工業引擎 進階模型摘要開始
2026-07-09 10:03:44 工業引擎 進階模型回測開始
2026-07-09 10:03:49 工業引擎 相依性驗證開始
2026-07-09 10:03:50 工業引擎 延遲相依性開始
2026-07-09 10:03:50 工業引擎 低機率分析開始
2026-07-09 10:03:50 工業引擎 晉級稽核開始
2026-07-09 10:03:50 工業引擎 落差診斷開始
2026-07-09 10:03:50 工業引擎 完成
2026-07-09 10:04:11 核心引擎 開始
2026-07-09 10:04:11 核心引擎 核心回測開始
2026-07-09 10:04:14 核心引擎 權重校正開始
2026-07-09 10:04:14 核心引擎 工業引擎接入開始
2026-07-09 10:04:14 核心引擎 航太驗證開始
2026-07-09 10:04:14 核心引擎 雙階段組牌開始
2026-07-09 10:04:14 核心引擎 雙階段回測開始
2026-07-09 10:04:31 核心引擎 完成
2026-07-13 16:47:33 工業引擎 開始
2026-07-13 16:47:33 工業引擎 自適應權重開始
2026-07-13 16:47:33 工業引擎 主評分開始
2026-07-13 16:47:33 工業引擎 公式引擎開始
2026-07-13 16:47:38 工業引擎 公式融合開始
2026-07-13 16:47:38 工業引擎 穩定共識開始
2026-07-13 16:47:42 工業引擎 九碼前置校正開始
2026-07-13 16:47:42 工業引擎 剛開出號硬防火牆開始
2026-07-13 16:47:42 工業引擎 強牌治理開始
2026-07-13 16:47:53 工業引擎 精算小牌競賽開始
2026-07-13 16:48:09 工業引擎 精算小牌組合開始
2026-07-13 16:48:09 工業引擎 強牌組合開始
2026-07-13 16:48:09 工業引擎 成熟度開始
2026-07-13 16:48:09 工業引擎 主回測開始
2026-07-13 16:48:20 工業引擎 進階模型摘要開始
2026-07-13 16:48:20 工業引擎 進階模型回測開始
2026-07-13 16:48:26 工業引擎 相依性驗證開始
2026-07-13 16:48:27 工業引擎 延遲相依性開始
2026-07-13 16:48:27 工業引擎 低機率分析開始
2026-07-13 16:48:27 工業引擎 晉級稽核開始
2026-07-13 16:48:27 工業引擎 落差診斷開始
2026-07-13 16:48:27 工業引擎 完成
2026-07-13 16:48:47 核心引擎 開始
2026-07-13 16:48:47 核心引擎 核心回測開始
2026-07-13 16:48:50 核心引擎 權重校正開始
2026-07-13 16:48:50 核心引擎 工業引擎接入開始
2026-07-13 16:48:50 核心引擎 航太驗證開始
2026-07-13 16:48:50 核心引擎 雙階段組牌開始
2026-07-13 16:48:50 核心引擎 雙階段回測開始
2026-07-13 16:49:07 核心引擎 完成
2026-07-14 07:06:54 工業引擎 開始
2026-07-14 07:06:54 工業引擎 自適應權重開始
2026-07-14 07:06:54 工業引擎 主評分開始
2026-07-14 07:06:55 工業引擎 公式引擎開始
2026-07-14 07:06:59 工業引擎 公式融合開始
2026-07-14 07:06:59 工業引擎 穩定共識開始
2026-07-14 07:07:01 工業引擎 九碼前置校正開始
2026-07-14 07:07:01 工業引擎 剛開出號硬防火牆開始
2026-07-14 07:07:01 工業引擎 強牌治理開始
2026-07-14 07:07:08 工業引擎 精算小牌競賽開始
2026-07-14 07:07:17 工業引擎 精算小牌組合開始
2026-07-14 07:07:17 工業引擎 強牌組合開始
2026-07-14 07:07:17 工業引擎 成熟度開始
2026-07-14 07:07:17 工業引擎 主回測開始
2026-07-14 07:07:25 工業引擎 進階模型摘要開始
2026-07-14 07:07:25 工業引擎 進階模型回測開始
2026-07-14 07:07:30 工業引擎 相依性驗證開始
2026-07-14 07:07:30 工業引擎 延遲相依性開始
2026-07-14 07:07:30 工業引擎 低機率分析開始
2026-07-14 07:07:30 工業引擎 晉級稽核開始
2026-07-14 07:07:30 工業引擎 落差診斷開始
2026-07-14 07:07:30 工業引擎 完成
2026-07-14 07:07:50 核心引擎 開始
2026-07-14 07:07:50 核心引擎 核心回測開始
2026-07-14 07:07:52 核心引擎 權重校正開始
2026-07-14 07:07:52 核心引擎 工業引擎接入開始
2026-07-14 07:07:52 核心引擎 航太驗證開始
2026-07-14 07:07:52 核心引擎 雙階段組牌開始
2026-07-14 07:07:52 核心引擎 雙階段回測開始
2026-07-14 07:08:04 核心引擎 完成
2026-07-14 07:15:11 工業引擎 開始
2026-07-14 07:15:11 工業引擎 自適應權重開始
2026-07-14 07:15:11 工業引擎 主評分開始
2026-07-14 07:15:11 工業引擎 公式引擎開始
2026-07-14 07:15:15 工業引擎 公式融合開始
2026-07-14 07:15:15 工業引擎 穩定共識開始
2026-07-14 07:15:17 工業引擎 九碼前置校正開始
2026-07-14 07:15:17 工業引擎 剛開出號硬防火牆開始
2026-07-14 07:15:17 工業引擎 強牌治理開始
2026-07-14 07:15:25 工業引擎 精算小牌競賽開始
2026-07-14 07:15:37 工業引擎 精算小牌組合開始
2026-07-14 07:15:38 工業引擎 強牌組合開始
2026-07-14 07:15:38 工業引擎 成熟度開始
2026-07-14 07:15:38 工業引擎 主回測開始
2026-07-14 07:15:46 工業引擎 進階模型摘要開始
2026-07-14 07:15:46 工業引擎 進階模型回測開始
2026-07-14 07:15:52 工業引擎 相依性驗證開始
2026-07-14 07:15:53 工業引擎 延遲相依性開始
2026-07-14 07:15:53 工業引擎 低機率分析開始
2026-07-14 07:15:53 工業引擎 晉級稽核開始
2026-07-14 07:15:53 工業引擎 落差診斷開始
2026-07-14 07:15:53 工業引擎 完成
2026-07-14 07:16:14 核心引擎 開始
2026-07-14 07:16:14 核心引擎 核心回測開始
2026-07-14 07:16:17 核心引擎 權重校正開始
2026-07-14 07:16:17 核心引擎 工業引擎接入開始
2026-07-14 07:16:17 核心引擎 航太驗證開始
2026-07-14 07:16:17 核心引擎 雙階段組牌開始
2026-07-14 07:16:17 核心引擎 雙階段回測開始
2026-07-14 07:16:30 核心引擎 完成
2026-07-14 07:19:24 工業引擎 開始
2026-07-14 07:19:24 工業引擎 自適應權重開始
2026-07-14 07:19:24 工業引擎 主評分開始
2026-07-14 07:19:24 工業引擎 公式引擎開始
2026-07-14 07:19:27 工業引擎 公式融合開始
2026-07-14 07:19:27 工業引擎 穩定共識開始
2026-07-14 07:19:29 工業引擎 九碼前置校正開始
2026-07-14 07:19:29 工業引擎 剛開出號硬防火牆開始
2026-07-14 07:19:29 工業引擎 強牌治理開始
2026-07-14 07:19:35 工業引擎 精算小牌競賽開始
2026-07-14 07:19:44 工業引擎 精算小牌組合開始
2026-07-14 07:19:44 工業引擎 強牌組合開始
2026-07-14 07:19:44 工業引擎 成熟度開始
2026-07-14 07:19:44 工業引擎 主回測開始
2026-07-14 07:19:51 工業引擎 進階模型摘要開始
2026-07-14 07:19:51 工業引擎 進階模型回測開始
2026-07-14 07:19:55 工業引擎 相依性驗證開始
2026-07-14 07:19:55 工業引擎 延遲相依性開始
2026-07-14 07:19:55 工業引擎 低機率分析開始
2026-07-14 07:19:55 工業引擎 晉級稽核開始
2026-07-14 07:19:55 工業引擎 落差診斷開始
2026-07-14 07:19:55 工業引擎 完成
2026-07-14 07:20:07 核心引擎 開始
2026-07-14 07:20:07 核心引擎 核心回測開始
2026-07-14 07:20:09 核心引擎 權重校正開始
2026-07-14 07:20:09 核心引擎 工業引擎接入開始
2026-07-14 07:20:09 核心引擎 航太驗證開始
2026-07-14 07:20:09 核心引擎 雙階段組牌開始
2026-07-14 07:20:09 核心引擎 雙階段回測開始
2026-07-14 07:20:19 核心引擎 完成
2026-07-14 11:39:16 工業引擎 開始
2026-07-14 11:39:16 工業引擎 自適應權重開始
2026-07-14 11:39:16 工業引擎 主評分開始
2026-07-14 11:39:16 工業引擎 公式引擎開始
2026-07-14 11:39:19 工業引擎 公式融合開始
2026-07-14 11:39:19 工業引擎 穩定共識開始
2026-07-14 11:39:21 工業引擎 九碼前置校正開始
2026-07-14 11:39:21 工業引擎 剛開出號硬防火牆開始
2026-07-14 11:39:21 工業引擎 強牌治理開始
2026-07-14 11:39:27 工業引擎 精算小牌競賽開始
2026-07-14 11:39:37 工業引擎 精算小牌組合開始
2026-07-14 11:39:37 工業引擎 強牌組合開始
2026-07-14 11:39:37 工業引擎 成熟度開始
2026-07-14 11:39:37 工業引擎 主回測開始
2026-07-14 11:39:43 工業引擎 進階模型摘要開始
2026-07-14 11:39:43 工業引擎 進階模型回測開始
2026-07-14 11:39:46 工業引擎 相依性驗證開始
2026-07-14 11:39:46 工業引擎 延遲相依性開始
2026-07-14 11:39:46 工業引擎 低機率分析開始
2026-07-14 11:39:46 工業引擎 晉級稽核開始
2026-07-14 11:39:46 工業引擎 落差診斷開始
2026-07-14 11:39:46 工業引擎 完成
2026-07-14 11:39:57 核心引擎 開始
2026-07-14 11:39:57 核心引擎 核心回測開始
2026-07-14 11:39:58 核心引擎 權重校正開始
2026-07-14 11:39:58 核心引擎 工業引擎接入開始
2026-07-14 11:39:58 核心引擎 航太驗證開始
2026-07-14 11:39:59 核心引擎 雙階段組牌開始
2026-07-14 11:39:59 核心引擎 雙階段回測開始
2026-07-14 11:40:08 核心引擎 完成
2026-07-15 10:00:40 工業引擎 開始
2026-07-15 10:00:40 工業引擎 自適應權重開始
2026-07-15 10:00:40 工業引擎 主評分開始
2026-07-15 10:00:41 工業引擎 公式引擎開始
2026-07-15 10:00:43 工業引擎 公式融合開始
2026-07-15 10:00:43 工業引擎 穩定共識開始
2026-07-15 10:00:45 工業引擎 九碼前置校正開始
2026-07-15 10:00:45 工業引擎 剛開出號硬防火牆開始
2026-07-15 10:00:45 工業引擎 強牌治理開始
2026-07-15 10:00:51 工業引擎 精算小牌競賽開始
2026-07-15 10:01:01 工業引擎 精算小牌組合開始
2026-07-15 10:01:01 工業引擎 強牌組合開始
2026-07-15 10:01:01 工業引擎 成熟度開始
2026-07-15 10:01:01 工業引擎 主回測開始
2026-07-15 10:01:07 工業引擎 進階模型摘要開始
2026-07-15 10:01:07 工業引擎 進階模型回測開始
2026-07-15 10:01:10 工業引擎 相依性驗證開始
2026-07-15 10:01:11 工業引擎 延遲相依性開始
2026-07-15 10:01:11 工業引擎 低機率分析開始
2026-07-15 10:01:11 工業引擎 晉級稽核開始
2026-07-15 10:01:11 工業引擎 落差診斷開始
2026-07-15 10:01:11 工業引擎 完成
2026-07-15 10:01:22 核心引擎 開始
2026-07-15 10:01:22 核心引擎 核心回測開始
2026-07-15 10:01:24 核心引擎 權重校正開始
2026-07-15 10:01:24 核心引擎 工業引擎接入開始
2026-07-15 10:01:24 核心引擎 航太驗證開始
2026-07-15 10:01:24 核心引擎 雙階段組牌開始
2026-07-15 10:01:24 核心引擎 雙階段回測開始
2026-07-15 10:01:34 核心引擎 完成
2026-07-15 07:29:47 工業引擎 開始
2026-07-15 07:29:47 工業引擎 自適應權重開始
2026-07-15 07:29:47 工業引擎 主評分開始
2026-07-15 07:29:47 工業引擎 公式引擎開始
2026-07-15 07:29:49 工業引擎 公式融合開始
2026-07-15 07:29:49 工業引擎 穩定共識開始
2026-07-15 07:29:51 工業引擎 九碼前置校正開始
2026-07-15 07:29:51 工業引擎 剛開出號硬防火牆開始
2026-07-15 07:29:51 工業引擎 強牌治理開始
2026-07-15 07:29:56 工業引擎 精算小牌競賽開始
2026-07-15 07:30:03 工業引擎 精算小牌組合開始
2026-07-15 07:30:03 工業引擎 強牌組合開始
2026-07-15 07:30:03 工業引擎 成熟度開始
2026-07-15 07:30:03 工業引擎 主回測開始
2026-07-15 07:30:07 工業引擎 進階模型摘要開始
2026-07-15 07:30:07 工業引擎 進階模型回測開始
2026-07-15 07:30:10 工業引擎 相依性驗證開始
2026-07-15 07:30:10 工業引擎 延遲相依性開始
2026-07-15 07:30:10 工業引擎 低機率分析開始
2026-07-15 07:30:10 工業引擎 晉級稽核開始
2026-07-15 07:30:10 工業引擎 落差診斷開始
2026-07-15 07:30:10 工業引擎 完成
2026-07-15 07:30:19 核心引擎 開始
2026-07-15 07:30:19 核心引擎 核心回測開始
2026-07-15 07:30:20 核心引擎 權重校正開始
2026-07-15 07:30:20 核心引擎 工業引擎接入開始
2026-07-15 07:30:20 核心引擎 航太驗證開始
2026-07-15 07:30:20 核心引擎 雙階段組牌開始
2026-07-15 07:30:20 核心引擎 雙階段回測開始
2026-07-15 07:30:27 核心引擎 完成
2026-07-15 09:25:41 工業引擎 開始
2026-07-15 09:25:41 工業引擎 自適應權重開始
2026-07-15 09:25:41 工業引擎 主評分開始
2026-07-15 09:25:41 工業引擎 公式引擎開始
2026-07-15 09:25:43 工業引擎 公式融合開始
2026-07-15 09:25:43 工業引擎 穩定共識開始
2026-07-15 09:25:45 工業引擎 九碼前置校正開始
2026-07-15 09:25:45 工業引擎 剛開出號硬防火牆開始
2026-07-15 09:25:45 工業引擎 強牌治理開始
2026-07-15 09:25:50 工業引擎 精算小牌競賽開始
2026-07-15 09:25:57 工業引擎 精算小牌組合開始
2026-07-15 09:25:57 工業引擎 強牌組合開始
2026-07-15 09:25:57 工業引擎 成熟度開始
2026-07-15 09:25:57 工業引擎 主回測開始
2026-07-15 09:26:01 工業引擎 進階模型摘要開始
2026-07-15 09:26:02 工業引擎 進階模型回測開始
2026-07-15 09:26:04 工業引擎 相依性驗證開始
2026-07-15 09:26:04 工業引擎 延遲相依性開始
2026-07-15 09:26:04 工業引擎 低機率分析開始
2026-07-15 09:26:04 工業引擎 晉級稽核開始
2026-07-15 09:26:04 工業引擎 落差診斷開始
2026-07-15 09:26:04 工業引擎 完成
2026-07-15 09:26:13 核心引擎 開始
2026-07-15 09:26:13 核心引擎 核心回測開始
2026-07-15 09:26:14 核心引擎 權重校正開始
2026-07-15 09:26:14 核心引擎 工業引擎接入開始
2026-07-15 09:26:14 核心引擎 航太驗證開始
2026-07-15 09:26:14 核心引擎 雙階段組牌開始
2026-07-15 09:26:14 核心引擎 雙階段回測開始
2026-07-15 09:26:21 核心引擎 完成
2026-07-15 09:28:27 工業引擎 開始
2026-07-15 09:28:27 工業引擎 自適應權重開始
2026-07-15 09:28:27 工業引擎 主評分開始
2026-07-15 09:28:27 工業引擎 公式引擎開始
2026-07-15 09:28:29 工業引擎 公式融合開始
2026-07-15 09:28:29 工業引擎 穩定共識開始
2026-07-15 09:28:30 工業引擎 九碼前置校正開始
2026-07-15 09:28:30 工業引擎 剛開出號硬防火牆開始
2026-07-15 09:28:30 工業引擎 強牌治理開始
2026-07-15 09:28:34 工業引擎 精算小牌競賽開始
2026-07-15 09:28:39 工業引擎 精算小牌組合開始
2026-07-15 09:28:39 工業引擎 強牌組合開始
2026-07-15 09:28:39 工業引擎 成熟度開始
2026-07-15 09:28:39 工業引擎 主回測開始
2026-07-15 09:28:43 工業引擎 進階模型摘要開始
2026-07-15 09:28:43 工業引擎 進階模型回測開始
2026-07-15 09:28:45 工業引擎 相依性驗證開始
2026-07-15 09:28:45 工業引擎 延遲相依性開始
2026-07-15 09:28:45 工業引擎 低機率分析開始
2026-07-15 09:28:45 工業引擎 晉級稽核開始
2026-07-15 09:28:45 工業引擎 落差診斷開始
2026-07-15 09:28:45 工業引擎 完成
2026-07-15 09:28:52 核心引擎 開始
2026-07-15 09:28:52 核心引擎 核心回測開始
2026-07-15 09:28:53 核心引擎 權重校正開始
2026-07-15 09:28:53 核心引擎 工業引擎接入開始
2026-07-15 09:28:53 核心引擎 航太驗證開始
2026-07-15 09:28:53 核心引擎 雙階段組牌開始
2026-07-15 09:28:53 核心引擎 雙階段回測開始
2026-07-15 09:28:58 核心引擎 完成
2026-07-15 09:30:43 工業引擎 開始
2026-07-15 09:30:43 工業引擎 自適應權重開始
2026-07-15 09:30:43 工業引擎 主評分開始
2026-07-15 09:30:44 工業引擎 公式引擎開始
2026-07-15 09:30:46 工業引擎 公式融合開始
2026-07-15 09:30:46 工業引擎 穩定共識開始
2026-07-15 09:30:47 工業引擎 九碼前置校正開始
2026-07-15 09:30:47 工業引擎 剛開出號硬防火牆開始
2026-07-15 09:30:47 工業引擎 強牌治理開始
2026-07-15 09:30:52 工業引擎 精算小牌競賽開始
2026-07-15 09:30:59 工業引擎 精算小牌組合開始
2026-07-15 09:30:59 工業引擎 強牌組合開始
2026-07-15 09:30:59 工業引擎 成熟度開始
2026-07-15 09:30:59 工業引擎 主回測開始
2026-07-15 09:31:04 工業引擎 進階模型摘要開始
2026-07-15 09:31:04 工業引擎 進階模型回測開始
2026-07-15 09:31:06 工業引擎 相依性驗證開始
2026-07-15 09:31:07 工業引擎 延遲相依性開始
2026-07-15 09:31:07 工業引擎 低機率分析開始
2026-07-15 09:31:07 工業引擎 晉級稽核開始
2026-07-15 09:31:07 工業引擎 落差診斷開始
2026-07-15 09:31:07 工業引擎 完成
2026-07-15 09:31:16 核心引擎 開始
2026-07-15 09:31:16 核心引擎 核心回測開始
2026-07-15 09:31:17 核心引擎 權重校正開始
2026-07-15 09:31:17 核心引擎 工業引擎接入開始
2026-07-15 09:31:17 核心引擎 航太驗證開始
2026-07-15 09:31:17 核心引擎 雙階段組牌開始
2026-07-15 09:31:17 核心引擎 雙階段回測開始
2026-07-15 09:31:24 核心引擎 完成
2026-07-15 09:33:45 工業引擎 開始
2026-07-15 09:33:45 工業引擎 自適應權重開始
2026-07-15 09:33:45 工業引擎 主評分開始
2026-07-15 09:33:45 工業引擎 公式引擎開始
2026-07-15 09:33:47 工業引擎 公式融合開始
2026-07-15 09:33:47 工業引擎 穩定共識開始
2026-07-15 09:33:48 工業引擎 九碼前置校正開始
2026-07-15 09:33:48 工業引擎 剛開出號硬防火牆開始
2026-07-15 09:33:48 工業引擎 強牌治理開始
2026-07-15 09:33:52 工業引擎 精算小牌競賽開始
2026-07-15 09:33:59 工業引擎 精算小牌組合開始
2026-07-15 09:33:59 工業引擎 強牌組合開始
2026-07-15 09:33:59 工業引擎 成熟度開始
2026-07-15 09:33:59 工業引擎 主回測開始
2026-07-15 09:34:03 工業引擎 進階模型摘要開始
2026-07-15 09:34:03 工業引擎 進階模型回測開始
2026-07-15 09:34:05 工業引擎 相依性驗證開始
2026-07-15 09:34:05 工業引擎 延遲相依性開始
2026-07-15 09:34:05 工業引擎 低機率分析開始
2026-07-15 09:34:05 工業引擎 晉級稽核開始
2026-07-15 09:34:05 工業引擎 落差診斷開始
2026-07-15 09:34:05 工業引擎 完成
2026-07-15 09:34:13 核心引擎 開始
2026-07-15 09:34:13 核心引擎 核心回測開始
2026-07-15 09:34:14 核心引擎 權重校正開始
2026-07-15 09:34:14 核心引擎 工業引擎接入開始
2026-07-15 09:34:14 核心引擎 航太驗證開始
2026-07-15 09:34:14 核心引擎 雙階段組牌開始
2026-07-15 09:34:14 核心引擎 雙階段回測開始
2026-07-15 09:34:21 核心引擎 完成
2026-07-15 10:17:12 工業引擎 開始
2026-07-15 10:17:12 工業引擎 自適應權重開始
2026-07-15 10:17:12 工業引擎 主評分開始
2026-07-15 10:17:13 工業引擎 公式引擎開始
2026-07-15 10:17:15 工業引擎 公式融合開始
2026-07-15 10:17:15 工業引擎 穩定共識開始
2026-07-15 10:17:16 工業引擎 九碼前置校正開始
2026-07-15 10:17:16 工業引擎 剛開出號硬防火牆開始
2026-07-15 10:17:16 工業引擎 強牌治理開始
2026-07-15 10:17:21 工業引擎 精算小牌競賽開始
2026-07-15 10:17:29 工業引擎 精算小牌組合開始
2026-07-15 10:17:29 工業引擎 強牌組合開始
2026-07-15 10:17:29 工業引擎 成熟度開始
2026-07-15 10:17:29 工業引擎 主回測開始
2026-07-15 10:17:33 工業引擎 進階模型摘要開始
2026-07-15 10:17:33 工業引擎 進階模型回測開始
2026-07-15 10:17:36 工業引擎 相依性驗證開始
2026-07-15 10:17:36 工業引擎 延遲相依性開始
2026-07-15 10:17:36 工業引擎 低機率分析開始
2026-07-15 10:17:36 工業引擎 晉級稽核開始
2026-07-15 10:17:36 工業引擎 落差診斷開始
2026-07-15 10:17:36 工業引擎 完成
2026-07-15 10:17:45 核心引擎 開始
2026-07-15 10:17:45 核心引擎 核心回測開始
2026-07-15 10:17:46 核心引擎 權重校正開始
2026-07-15 10:17:46 核心引擎 工業引擎接入開始
2026-07-15 10:17:46 核心引擎 航太驗證開始
2026-07-15 10:17:47 核心引擎 雙階段組牌開始
2026-07-15 10:17:47 核心引擎 雙階段回測開始
2026-07-15 10:17:54 核心引擎 完成
2026-07-15 13:00:15 工業引擎 開始
2026-07-15 13:00:15 工業引擎 自適應權重開始
2026-07-15 13:00:15 工業引擎 主評分開始
2026-07-15 13:00:16 工業引擎 公式引擎開始
2026-07-15 13:00:18 工業引擎 公式融合開始
2026-07-15 13:00:18 工業引擎 穩定共識開始
2026-07-15 13:00:19 工業引擎 九碼前置校正開始
2026-07-15 13:00:19 工業引擎 剛開出號硬防火牆開始
2026-07-15 13:00:19 工業引擎 強牌治理開始
2026-07-15 13:00:24 工業引擎 精算小牌競賽開始
2026-07-15 13:00:31 工業引擎 精算小牌組合開始
2026-07-15 13:00:31 工業引擎 強牌組合開始
2026-07-15 13:00:31 工業引擎 成熟度開始
2026-07-15 13:00:31 工業引擎 主回測開始
2026-07-15 13:00:36 工業引擎 進階模型摘要開始
2026-07-15 13:00:36 工業引擎 進階模型回測開始
2026-07-15 13:00:38 工業引擎 相依性驗證開始
2026-07-15 13:00:39 工業引擎 延遲相依性開始
2026-07-15 13:00:39 工業引擎 低機率分析開始
2026-07-15 13:00:39 工業引擎 晉級稽核開始
2026-07-15 13:00:39 工業引擎 落差診斷開始
2026-07-15 13:00:39 工業引擎 完成
2026-07-15 13:00:48 核心引擎 開始
2026-07-15 13:00:48 核心引擎 核心回測開始
2026-07-15 13:00:49 核心引擎 權重校正開始
2026-07-15 13:00:49 核心引擎 工業引擎接入開始
2026-07-15 13:00:49 核心引擎 航太驗證開始
2026-07-15 13:00:49 核心引擎 雙階段組牌開始
2026-07-15 13:00:49 核心引擎 雙階段回測開始
2026-07-15 13:00:56 核心引擎 完成
2026-07-15 17:57:37 工業引擎 開始
2026-07-15 17:57:37 工業引擎 自適應權重開始
2026-07-15 17:57:37 工業引擎 主評分開始
2026-07-15 17:57:37 工業引擎 公式引擎開始
2026-07-15 17:57:39 工業引擎 公式融合開始
2026-07-15 17:57:39 工業引擎 穩定共識開始
2026-07-15 17:57:41 工業引擎 九碼前置校正開始
2026-07-15 17:57:41 工業引擎 剛開出號硬防火牆開始
2026-07-15 17:57:41 工業引擎 強牌治理開始
2026-07-15 17:57:46 工業引擎 精算小牌競賽開始
2026-07-15 17:57:53 工業引擎 精算小牌組合開始
2026-07-15 17:57:54 工業引擎 強牌組合開始
2026-07-15 17:57:54 工業引擎 成熟度開始
2026-07-15 17:57:54 工業引擎 主回測開始
2026-07-15 17:57:58 工業引擎 進階模型摘要開始
2026-07-15 17:57:59 工業引擎 進階模型回測開始
2026-07-15 17:58:01 工業引擎 相依性驗證開始
2026-07-15 17:58:01 工業引擎 延遲相依性開始
2026-07-15 17:58:01 工業引擎 低機率分析開始
2026-07-15 17:58:01 工業引擎 晉級稽核開始
2026-07-15 17:58:01 工業引擎 落差診斷開始
2026-07-15 17:58:01 工業引擎 完成
2026-07-15 17:58:11 核心引擎 開始
2026-07-15 17:58:11 核心引擎 核心回測開始
2026-07-15 17:58:12 核心引擎 權重校正開始
2026-07-15 17:58:12 核心引擎 工業引擎接入開始
2026-07-15 17:58:12 核心引擎 航太驗證開始
2026-07-15 17:58:12 核心引擎 雙階段組牌開始
2026-07-15 17:58:12 核心引擎 雙階段回測開始
2026-07-15 17:58:20 核心引擎 完成
2026-07-15 18:44:32 工業引擎 開始
2026-07-15 18:44:32 工業引擎 自適應權重開始
2026-07-15 18:44:32 工業引擎 主評分開始
2026-07-15 18:44:33 工業引擎 公式引擎開始
2026-07-15 18:44:35 工業引擎 公式融合開始
2026-07-15 18:44:35 工業引擎 穩定共識開始
2026-07-15 18:44:36 工業引擎 九碼前置校正開始
2026-07-15 18:44:36 工業引擎 剛開出號硬防火牆開始
2026-07-15 18:44:36 工業引擎 強牌治理開始
2026-07-15 18:44:41 工業引擎 精算小牌競賽開始
2026-07-15 18:44:48 工業引擎 精算小牌組合開始
2026-07-15 18:44:48 工業引擎 強牌組合開始
2026-07-15 18:44:48 工業引擎 成熟度開始
2026-07-15 18:44:48 工業引擎 主回測開始
2026-07-15 18:44:53 工業引擎 進階模型摘要開始
2026-07-15 18:44:53 工業引擎 進階模型回測開始
2026-07-15 18:44:55 工業引擎 相依性驗證開始
2026-07-15 18:44:56 工業引擎 延遲相依性開始
2026-07-15 18:44:56 工業引擎 低機率分析開始
2026-07-15 18:44:56 工業引擎 晉級稽核開始
2026-07-15 18:44:56 工業引擎 落差診斷開始
2026-07-15 18:44:56 工業引擎 完成
2026-07-15 18:45:05 核心引擎 開始
2026-07-15 18:45:05 核心引擎 核心回測開始
2026-07-15 18:45:06 核心引擎 權重校正開始
2026-07-15 18:45:06 核心引擎 工業引擎接入開始
2026-07-15 18:45:06 核心引擎 航太驗證開始
2026-07-15 18:45:06 核心引擎 雙階段組牌開始
2026-07-15 18:45:06 核心引擎 雙階段回測開始
2026-07-15 18:45:13 核心引擎 完成
